// Jest Snapshot v1, https://goo.gl/fbAQLP

exports[`<MockApiDropdownComponent /> renders correctly 1`] = `
ShallowWrapper {
  "length": 1,
  Symbol(enzyme.__root__): [Circular],
  Symbol(enzyme.__unrendered__): <MockApiDropdownComponent
    toggleMockApi={[Function]}
/>,
  Symbol(enzyme.__renderer__): Object {
    "batchedUpdates": [Function],
    "getNode": [Function],
    "render": [Function],
    "simulateEvent": [Function],
    "unmount": [Function],
  },
  Symbol(enzyme.__node__): Object {
    "instance": null,
    "key": undefined,
    "nodeType": "host",
    "props": Object {
      "children": Array [
        <div
          className="mock-api__header"
>
          <img
                    alt="disabled"
                    src="redx.svg"
          />
           Mock Responses 
          <img
                    alt="open or close"
                    className="mock-api__triangle"
                    src="whitetriangle.svg"
          />
</div>,
        <div
          className="mock-api__menu transition"
>
          <ul>
                    <li>
                              <div
                                        onClick={[Function]}
                              >
                                        Enable
                              </div>
                    </li>
          </ul>
</div>,
      ],
      "className": "mock-api__dropdown",
      "onClick": [Function],
      "tabIndex": 0,
    },
    "ref": null,
    "rendered": Array [
      Object {
        "instance": null,
        "key": undefined,
        "nodeType": "host",
        "props": Object {
          "children": Array [
            <img
              alt="disabled"
              src="redx.svg"
/>,
            " Mock Responses ",
            <img
              alt="open or close"
              className="mock-api__triangle"
              src="whitetriangle.svg"
/>,
          ],
          "className": "mock-api__header",
        },
        "ref": null,
        "rendered": Array [
          Object {
            "instance": null,
            "key": undefined,
            "nodeType": "host",
            "props": Object {
              "alt": "disabled",
              "src": "redx.svg",
            },
            "ref": null,
            "rendered": null,
            "type": "img",
          },
          " Mock Responses ",
          Object {
            "instance": null,
            "key": undefined,
            "nodeType": "host",
            "props": Object {
              "alt": "open or close",
              "className": "mock-api__triangle",
              "src": "whitetriangle.svg",
            },
            "ref": null,
            "rendered": null,
            "type": "img",
          },
        ],
        "type": "div",
      },
      Object {
        "instance": null,
        "key": undefined,
        "nodeType": "host",
        "props": Object {
          "children": <ul>
            <li>
                        <div
                                    onClick={[Function]}
                        >
                                    Enable
                        </div>
            </li>
</ul>,
          "className": "mock-api__menu transition",
        },
        "ref": null,
        "rendered": Object {
          "instance": null,
          "key": undefined,
          "nodeType": "host",
          "props": Object {
            "children": <li>
              <div
                            onClick={[Function]}
              >
                            Enable
              </div>
</li>,
          },
          "ref": null,
          "rendered": Object {
            "instance": null,
            "key": undefined,
            "nodeType": "host",
            "props": Object {
              "children": <div
                onClick={[Function]}
>
                Enable
</div>,
            },
            "ref": null,
            "rendered": Object {
              "instance": null,
              "key": undefined,
              "nodeType": "host",
              "props": Object {
                "children": "Enable",
                "onClick": [Function],
              },
              "ref": null,
              "rendered": "Enable",
              "type": "div",
            },
            "type": "li",
          },
          "type": "ul",
        },
        "type": "div",
      },
    ],
    "type": "div",
  },
  Symbol(enzyme.__nodes__): Array [
    Object {
      "instance": null,
      "key": undefined,
      "nodeType": "host",
      "props": Object {
        "children": Array [
          <div
            className="mock-api__header"
>
            <img
                        alt="disabled"
                        src="redx.svg"
            />
             Mock Responses 
            <img
                        alt="open or close"
                        className="mock-api__triangle"
                        src="whitetriangle.svg"
            />
</div>,
          <div
            className="mock-api__menu transition"
>
            <ul>
                        <li>
                                    <div
                                                onClick={[Function]}
                                    >
                                                Enable
                                    </div>
                        </li>
            </ul>
</div>,
        ],
        "className": "mock-api__dropdown",
        "onClick": [Function],
        "tabIndex": 0,
      },
      "ref": null,
      "rendered": Array [
        Object {
          "instance": null,
          "key": undefined,
          "nodeType": "host",
          "props": Object {
            "children": Array [
              <img
                alt="disabled"
                src="redx.svg"
/>,
              " Mock Responses ",
              <img
                alt="open or close"
                className="mock-api__triangle"
                src="whitetriangle.svg"
/>,
            ],
            "className": "mock-api__header",
          },
          "ref": null,
          "rendered": Array [
            Object {
              "instance": null,
              "key": undefined,
              "nodeType": "host",
              "props": Object {
                "alt": "disabled",
                "src": "redx.svg",
              },
              "ref": null,
              "rendered": null,
              "type": "img",
            },
            " Mock Responses ",
            Object {
              "instance": null,
              "key": undefined,
              "nodeType": "host",
              "props": Object {
                "alt": "open or close",
                "className": "mock-api__triangle",
                "src": "whitetriangle.svg",
              },
              "ref": null,
              "rendered": null,
              "type": "img",
            },
          ],
          "type": "div",
        },
        Object {
          "instance": null,
          "key": undefined,
          "nodeType": "host",
          "props": Object {
            "children": <ul>
              <li>
                            <div
                                          onClick={[Function]}
                            >
                                          Enable
                            </div>
              </li>
</ul>,
            "className": "mock-api__menu transition",
          },
          "ref": null,
          "rendered": Object {
            "instance": null,
            "key": undefined,
            "nodeType": "host",
            "props": Object {
              "children": <li>
                <div
                                onClick={[Function]}
                >
                                Enable
                </div>
</li>,
            },
            "ref": null,
            "rendered": Object {
              "instance": null,
              "key": undefined,
              "nodeType": "host",
              "props": Object {
                "children": <div
                  onClick={[Function]}
>
                  Enable
</div>,
              },
              "ref": null,
              "rendered": Object {
                "instance": null,
                "key": undefined,
                "nodeType": "host",
                "props": Object {
                  "children": "Enable",
                  "onClick": [Function],
                },
                "ref": null,
                "rendered": "Enable",
                "type": "div",
              },
              "type": "li",
            },
            "type": "ul",
          },
          "type": "div",
        },
      ],
      "type": "div",
    },
  ],
  Symbol(enzyme.__options__): Object {
    "adapter": ReactSixteenAdapter {
      "options": Object {
        "enableComponentDidUpdateOnSetState": true,
      },
    },
  },
}
`;
